004430.xyz
0123456789nonexistent.com
0205.uptm.ch
021912.xyz
0d.kebhana.mx
1337.abcvg.info
aboutbeautifulgallopinghorsesinthegreenpasture.online
admin.52ywp.com
anime-tracker.aruku.kro.kr
announce.sktorrent.eu
archive.torrentonline.cc
banananetwork.qzz.io
bittorrent-tracker.e-n-c-r-y-p-t.net
brokenstones.is
bt.poletracker.org
bt1.archive.org
bt1.xxxxbt.cc
bt2.archive.org
buny.uk
concen.org
evan.im
exodus.desync.com
explodie.org
forever.publictracker.xyz
ht.therarbg.to
ip.getcrazy.me
ipv4announce.sktorrent.eu
jvavav.com
leet-tracker.moe
mail.segso.net
martin-gebhardt.eu
mma-tracker.org
ns575949.ip-51-222-82.net
nyaa.tracker.wf
obey.torrentonline.cc
open.demonii.com
open.demonoid.ch
open.ftorrent.com
open.stealth.si
open.tracker.ink
opentor.org
orgtgju.org
p4p.arenabg.com
php-bobcat.wasmer.app
play.aimisayo.com
pybittrack.retiolus.net
rekcart.duckdns.org
retracker.hotplug.ru
retracker.spark-rostov.ru
retracker01-msk-virt.corbina.net
shahidrazi.online
share.hkg-fansub.info
shubt.net
t.213891.xyz
t.overflow.biz
torrent.hificode.in
torrent.tracker.durukanbal.com
torrentclub.online
torrents.tmtime.dev
torrentsmd.com
tr.abiir.top
tr.btube3.com
tr.highstar.shop
tr.kxmp.cf
tr.nyacat.pw
tr.zukizuki.org
tr4ck3r.duckdns.org
tracker-udp.gbitt.info
tracker.004430.xyz
tracker.7471.top
tracker.anibt.net
tracker.aruku.ovh
tracker.auctor.tv
tracker.bittor.pw
tracker.bluefrog.pw
tracker.breizh.pm
tracker.bt-hash.com
tracker.bt4g.com
tracker.corpscorp.online
tracker.cubonegro.org
tracker.ddunlimited.net
tracker.dhitechnical.com
tracker.dler.com
tracker.dler.org
tracker.ducks.party
tracker.filemail.com
tracker.gcrenwp.top
tracker.gmi.gd
tracker.hismz.cn
tracker.idocdn.com
tracker.ilibr.org
tracker.isbigdick.cc.cd
tracker.kuroy.me
tracker.leechshield.link
tracker.manager.itislove.cz
tracker.manager.v6.navy
tracker.moxing.party
tracker.mywaifu.best
tracker.nekomi.cn
tracker.nexusstream.eu
tracker.nyaa.vc
tracker.opentorrent.top
tracker.opentrackr.com
tracker.opentrackr.org
tracker.peerfect.org
tracker.playground.ru
tracker.plx.im
tracker.pmman.tech
tracker.privateseedbox.xyz
tracker.publictracker.xyz
tracker.qingwapt.org
tracker.qu.ax
tracker.renfei.net
tracker.skyts.net
tracker.teambelgium.net
tracker.therarbg.to
tracker.tiny-vps.com
tracker.torrent.eu.org
tracker.trackarr.org
tracker.tryhackx.org
tracker.vanitycore.co
tracker.waaa.moe
tracker.wildkat.net
tracker.xiaoduola.xyz
tracker.xn--djrq4gl4hvoi.top
tracker.yemekyedim.com
tracker.zhuqiy.com
tracker.zhuqiy.dgj055.icu
tracker1.520.jp
tracker1.itzmx.com
tracker2.dler.org
tracker2.itzmx.com
tracker3.itzmx.com
tracker4.itzmx.com
tracker810.xyz
v6.vito-tracker.space
whybother.torrentonline.cc
www.wareztorrent.com
zer0day.ch
